// Jest Snapshot v1, https://goo.gl/fbAQLP

exports[`Button component should render 1`] = `
<button
  class="sc-AxjAm Emnxh"
  type="button"
>
  Click me
</button>
`;
