// Jest Snapshot v1, https://goo.gl/fbAQLP

exports[`Input component should render 1`] = `
<input
  class="sc-AxjAm fDCHeJ"
  data-testid=""
  inputmode="numeric"
  placeholder="undefined0"
  type="text"
  value="10"
/>
`;
